#-----------------------------------------------------------
# Vivado v2014.2 (64-bit)
# SW Build 932637 on Wed Jun 11 13:33:10 MDT 2014
# IP Build 924643 on Fri May 30 09:20:16 MDT 2014
# Start of session at: Mon May 11 10:30:29 2015
# Process ID: 7852
# Log file: C:/Users/Jesus/Google Drive/Spring 2015/2- CSCE-231/1- Labs/Lab 09/FiniteStateMachines_and_Controllers/vivado.log
# Journal file: C:/Users/Jesus/Google Drive/Spring 2015/2- CSCE-231/1- Labs/Lab 09/FiniteStateMachines_and_Controllers\vivado.jou
#-----------------------------------------------------------
start_gui
open_project {C:\Users\Jesus\Google Drive\Spring 2015\2- CSCE-231\1- Labs\Lab 09\FiniteStateMachines_and_Controllers\FiniteStateMachines_and_Controllers.xpr}
update_compile_order -fileset sources_1
update_compile_order -fileset sim_1
reset_run synth_1
launch_runs synth_1
wait_on_run synth_1
launch_runs impl_1
wait_on_run impl_1
launch_runs impl_1 -to_step write_bitstream
wait_on_run impl_1
open_hw
connect_hw_server -host localhost -port 60001 -url localhost:3121
current_hw_target [get_hw_targets */xilinx_tcf/Digilent/210292645995A]
set_property PARAM.FREQUENCY 15000000 [get_hw_targets */xilinx_tcf/Digilent/210292645995A]
open_hw_target
set_property PROGRAM.FILE {C:/Users/Jesus/Google Drive/Spring 2015/2- CSCE-231/1- Labs/Lab 09/FiniteStateMachines_and_Controllers/FiniteStateMachines_and_Controllers.runs/impl_1/single_stopwatch_ckt.bit} [lindex [get_hw_devices] 0]
set_property PROBES.FILE {C:/Users/Jesus/Google Drive/Spring 2015/2- CSCE-231/1- Labs/Lab 09/FiniteStateMachines_and_Controllers/FiniteStateMachines_and_Controllers.runs/impl_1/debug_nets.ltx} [lindex [get_hw_devices] 0]
current_hw_device [lindex [get_hw_devices] 0]
refresh_hw_device -update_hw_probes false [lindex [get_hw_devices] 0]
set_property PROBES.FILE {C:/Users/Jesus/Google Drive/Spring 2015/2- CSCE-231/1- Labs/Lab 09/FiniteStateMachines_and_Controllers/FiniteStateMachines_and_Controllers.runs/impl_1/debug_nets.ltx} [lindex [get_hw_devices] 0]
set_property PROGRAM.FILE {C:/Users/Jesus/Google Drive/Spring 2015/2- CSCE-231/1- Labs/Lab 09/FiniteStateMachines_and_Controllers/FiniteStateMachines_and_Controllers.runs/impl_1/single_stopwatch_ckt.bit} [lindex [get_hw_devices] 0]
program_hw_devices [lindex [get_hw_devices] 0]
refresh_hw_device [lindex [get_hw_devices] 0]
close_hw
close [ open {C:/Users/Jesus/Google Drive/Spring 2015/2- CSCE-231/1- Labs/Lab 09/FiniteStateMachines_and_Controllers/FiniteStateMachines_and_Controllers.srcs/sources_1/new/mutli_seg_ckt.vhd} w ]
add_files {{C:/Users/Jesus/Google Drive/Spring 2015/2- CSCE-231/1- Labs/Lab 09/FiniteStateMachines_and_Controllers/FiniteStateMachines_and_Controllers.srcs/sources_1/new/mutli_seg_ckt.vhd}}
update_compile_order -fileset sources_1
