#-----------------------------------------------------------
# Vivado v2018.2 (64-bit)
# SW Build 2258646 on Thu Jun 14 20:03:12 MDT 2018
# IP Build 2256618 on Thu Jun 14 22:10:49 MDT 2018
# Start of session at: Sun Aug 19 09:24:25 2018
# Process ID: 13564
# Current directory: D:/EDUCATION/Pacific Lutheran University/PLU_COURSES/2015/2015 -02 - Spring/CSCE-231/1- Labs/Lab 09/FiniteStateMachines_and_Controllers/FiniteStateMachines_and_Controllers.runs/synth_1
# Command line: vivado.exe -log multi_stopwatch_ckt.vds -product Vivado -mode batch -messageDb vivado.pb -notrace -source multi_stopwatch_ckt.tcl
# Log file: D:/EDUCATION/Pacific Lutheran University/PLU_COURSES/2015/2015 -02 - Spring/CSCE-231/1- Labs/Lab 09/FiniteStateMachines_and_Controllers/FiniteStateMachines_and_Controllers.runs/synth_1/multi_stopwatch_ckt.vds
# Journal file: D:/EDUCATION/Pacific Lutheran University/PLU_COURSES/2015/2015 -02 - Spring/CSCE-231/1- Labs/Lab 09/FiniteStateMachines_and_Controllers/FiniteStateMachines_and_Controllers.runs/synth_1\vivado.jou
#-----------------------------------------------------------
source multi_stopwatch_ckt.tcl -notrace
